// Jest Snapshot v1, https://goo.gl/fbAQLP

exports[`components/user_settings/sidebar/UserSettingsSidebar should match snapshot 1`] = `
<div>
  <div
    className="modal-header"
  >
    <button
      aria-label="Close"
      className="close"
      data-dismiss="modal"
      id="closeButton"
      onClick={[Function]}
      type="button"
    >
      <span
        aria-hidden="true"
      >
        Ã—
      </span>
    </button>
    <h4
      className="modal-title"
    >
      <div
        className="modal-back"
      >
        <i
          className="fa fa-angle-left"
          onClick={[Function]}
          title="Collapse Icon"
        />
      </div>
      <FormattedMessage
        defaultMessage="Sidebar Settings"
        id="user.settings.sidebar.title"
        values={Object {}}
      />
    </h4>
  </div>
  <div
    className="user-settings"
  >
    <h3
      className="tab-header"
    >
      <FormattedMessage
        defaultMessage="Sidebar Settings"
        id="user.settings.sidebar.title"
        values={Object {}}
      />
    </h3>
    <div
      className="divider-dark first"
    />
    <SettingItemMin
      describe={
        Array [
          <FormattedMessage
            defaultMessage="By Channel Type"
            id="user.settings.sidebar.channel_type"
            values={Object {}}
          />,
          <span>
            , 
          </span>,
          <FormattedMessage
            defaultMessage="Unreads and Favorites at the top"
            id="user.settings.sidebar.unreadsFavorites"
            values={Object {}}
          />,
        ]
      }
      focused={false}
      section="groupChannels"
      title={
        <FormattedMessage
          defaultMessage="Channel Grouping"
          id="user.settings.sidebar.groupChannelsTitle"
          values={Object {}}
        />
      }
      updateSection={[Function]}
    />
    <div
      className="divider-dark"
    />
    <SettingItemMin
      describe={
        <FormattedMessage
          defaultMessage="By Alphabetical Order"
          id="user.settings.sidebar.byAlpha"
          values={Object {}}
        />
      }
      focused={false}
      section="sortChannels"
      title={
        <FormattedMessage
          defaultMessage="Channel Sorting"
          id="user.settings.sidebar.sortChannelsTitle"
          values={Object {}}
        />
      }
      updateSection={[Function]}
    />
    <div
      className="divider-light"
    />
    <div
      className="divider-dark"
    />
  </div>
</div>
`;
